// Vitest Snapshot v1, https://vitest.dev/guide/snapshot.html

exports[`listModels 1`] = `
{
  "paginationToken": undefined,
  "results": [
    {
      "name": "[xdevice] lock",
      "value": "60d5db392b370f0011cb2987",
    },
    {
      "name": "[xdevice] ebike Omnilock",
      "value": "6163dda4099a810011957be8",
    },
    {
      "name": "Auto Kamaz 01",
      "value": "626679b5daacc00012016e93",
    },
    {
      "name": "Electricity meter",
      "value": "62679c87daacc00012017082",
    },
    {
      "name": "Digital staff #1",
      "value": "62679c90daacc00012017083",
    },
    {
      "name": "Kickscooter",
      "value": "62679d84daacc00012017086",
    },
    {
      "name": "Bus station",
      "value": "62679ea5daacc00012017089",
    },
    {
      "name": "Auto Kamaz-02",
      "value": "62679ff1daacc00012017091",
    },
    {
      "name": "Bus station #2",
      "value": "6267ab21daacc000120170c6",
    },
    {
      "name": "Kamaz cleaner (counter, water)",
      "value": "6267ab6adaacc000120170c8",
    },
  ],
}
`;

exports[`listObjects 1`] = `
{
  "paginationToken": undefined,
  "results": [
    {
      "name": "A001AA157",
      "value": "626679b5daacc00012016e94",
    },
    {
      "name": "Employee 01 (отчеты)",
      "value": "6267a296daacc000120170a2",
    },
    {
      "name": "Employee 02",
      "value": "6267a42edaacc000120170a8",
    },
    {
      "name": "Employee 03",
      "value": "6267a43ddaacc000120170ab",
    },
    {
      "name": "A003AA157",
      "value": "6267aa94daacc000120170c3",
    },
    {
      "name": "Kamaz-cleaner 02",
      "value": "6267ab7ddaacc000120170c9",
    },
    {
      "name": "Камаз-Уборщик 02",
      "value": "6267ab9ddaacc000120170cc",
    },
    {
      "name": "Защитный костюм №001",
      "value": "6267acbfdaacc000120170df",
    },
    {
      "name": "Вертолет B001X2D",
      "value": "6267ae16daacc000120170e7",
    },
    {
      "name": "Остановка №01",
      "value": "6267afafdaacc000120170f3",
    },
  ],
}
`;

exports[`listRoles 1`] = `
{
  "paginationToken": undefined,
  "results": [
    {
      "name": "[rightcar] base role",
      "value": "5c5061c11af9ac1100e8d55f",
    },
    {
      "name": "[rightech] signup",
      "value": "5cc89f6af79a4969291dcbd7",
    },
    {
      "name": "[demo] digital staff",
      "value": "615c5a1cc8c3d6001115ad68",
    },
    {
      "name": "Admin",
      "value": "6267af23daacc000120170f1",
    },
    {
      "name": "Starter Kit Role Admin",
      "value": "67c5ab82bd30e23a717d30d0",
    },
    {
      "name": "Starter Kit Role Admin USER",
      "value": "67c83e1e2cd3dae2a66c1ef9",
    },
    {
      "name": "Starter Kit Role Admin OPERATOR",
      "value": "67c83e6e2cd3dae2a66c1efa",
    },
    {
      "name": "Operator_Copy1",
      "value": "67dad27785e80296df8f582c",
    },
    {
      "name": "Админ Дефолт",
      "value": "67e4fb3474d85648c3e93da3",
    },
    {
      "name": "qqqq",
      "value": "67e627ab2acd2c9f8551637d",
    },
    {
      "name": "qqqqq",
      "value": "67e627b32acd2c9f8551637e",
    },
    {
      "name": "qqqqq",
      "value": "67e627bc2acd2c9f8551637f",
    },
    {
      "name": "qqqqqqq",
      "value": "67e627c22acd2c9f85516380",
    },
    {
      "name": "qqqqqqqqqqqqqq",
      "value": "67e627c72acd2c9f85516381",
    },
    {
      "name": "qqqqqqqqqqqqqq (копия)",
      "value": "67e6289f2acd2c9f85516382",
    },
    {
      "name": "Оператор Дефолт",
      "value": "67e655f02acd2c9f8551638d",
    },
    {
      "name": "Админ Дефолт (копия)",
      "value": "67f3ca088d46ab353077bbc5",
    },
    {
      "name": "[rightech] signup (копия)",
      "value": "67f3cac08d46ab353077bbc6",
    },
    {
      "name": "Админ Дефолт (копия 2",
      "value": "67f7b25dd37fad5d5b491cd2",
    },
    {
      "name": "Стартер кит копия оператор",
      "value": "67f7b76fd37fad5d5b491cd4",
    },
    {
      "name": "Starter Kit Role Admin (копия)",
      "value": "67f7beb4d37fad5d5b491cd5",
    },
    {
      "name": "Starter Kit Role Admin (копия) (копия)",
      "value": "67f7bec5d37fad5d5b491cd6",
    },
    {
      "name": "qqqqqqqqqqqqqq (копия) (копия)выпеавыраыраывравыравравраврвараврав",
      "value": "686cdb9ba1e32a873185ef2f",
    },
    {
      "name": "[public] Commercial base",
      "value": "6888d3d0add7aa8811a6e370",
    },
    {
      "name": "[public] DIY",
      "value": "6888d3e9add7aa8811a6e372",
    },
    {
      "name": "[public] student",
      "value": "6888d3f5add7aa8811a6e373",
    },
    {
      "name": "[public] Commercial pro",
      "value": "6888d5e1add7aa8811a6e376",
    },
    {
      "name": "фывфыв",
      "value": "69fdce813463098bf7d495f0",
    },
  ],
}
`;

exports[`listRows 1`] = `
{
  "paginationToken": undefined,
  "results": [
    {
      "name": "Иван Иванов | false | Что-нибудь умное  | -6064258097000 | 1999",
      "value": "66d3296625e8200c9d46981e",
    },
    {
      "name": "Петр Петров | true | доп информация  | 86400000 | 1998",
      "value": "66dc25c12e6b925970d01565",
    },
    {
      "name": "Роман Сидоров | false | 1 | 1725555600000 | 111",
      "value": "66dc296ea9e203b6d4c2c404",
    },
    {
      "name": " | false | ",
      "value": "6735d54e098ea513c33d4871",
    },
    {
      "name": " | false | ",
      "value": "6735d5ba098ea513c33d4872",
    },
    {
      "name": " | false | ",
      "value": "6744a4c4474ec34beeffeaea",
    },
    {
      "name": " | false | ",
      "value": "6784c8049893d7e79cf5d8e7",
    },
    {
      "name": " | false | ",
      "value": "6784c8679893d7e79cf5d8e8",
    },
    {
      "name": " | false | ",
      "value": "6784c8c49893d7e79cf5d8ea",
    },
    {
      "name": " | false | ",
      "value": "6784c8c59893d7e79cf5d8eb",
    },
    {
      "name": " | false | ",
      "value": "6784c8c69893d7e79cf5d8ec",
    },
  ],
}
`;

exports[`listScenarios 1`] = `
{
  "paginationToken": undefined,
  "results": [
    {
      "name": "Work in geofence",
      "value": "626679b5daacc00012016e96",
    },
    {
      "name": "Вход в зону проведения работ",
      "value": "6267b187daacc00012017103",
    },
    {
      "name": "Экстремальная ситуация",
      "value": "6267b274daacc0001201710d",
    },
    {
      "name": "Control of stops over 1 minute",
      "value": "6267b386daacc00012017128",
    },
    {
      "name": "Нагрузка на ось",
      "value": "6267b5eadaacc00012017137",
    },
    {
      "name": "Temperature Contol",
      "value": "6267d4fddaacc0001201717a",
    },
    {
      "name": "Control of Machine",
      "value": "628e2402ce987600119c94c1",
    },
    {
      "name": "Автомат для дочерней группы",
      "value": "62baad4fd9a2e70011158193",
    },
    {
      "name": "[starter-kit] mqtt-user-init-automaton-01",
      "value": "62d10c5f10cc6e0011a91c2c",
    },
    {
      "name": "Автомат 12",
      "value": "62e10d131ff48e0011282f33",
    },
    {
      "name": "Автомат 13",
      "value": "630f582d727bd900124d061f",
    },
    {
      "name": "Автомат 14",
      "value": "632c57666673930011dbe295",
    },
    {
      "name": "Тестовый обработчик топлива",
      "value": "633aafdc9035320012f1e63c",
    },
    {
      "name": "Контроль выхода из геозоны",
      "value": "633d426cc39dc1001139bf44",
    },
    {
      "name": "Автоматизация сбора показаний",
      "value": "634e61fbc647e70012b354f2",
    },
    {
      "name": "Проверка показаний",
      "value": "635948c4f7a1da0012d6cb7c",
    },
    {
      "name": "ТО №1",
      "value": "63594e20f7a1da0012d6cbb7",
    },
    {
      "name": "DEMO LADA Уведомления о ТО",
      "value": "635fcfe30671e7001234f136",
    },
    {
      "name": "Автомат 22",
      "value": "6373378cee137f001182deed",
    },
    {
      "name": "Контроль данных",
      "value": "63eb920e004948001262f6c0",
    },
    {
      "name": "DEMO LADA Уведомления о ТО",
      "value": "6406fe8c93e0d700124379a1",
    },
  ],
}
`;

exports[`listTables 1`] = `
{
  "paginationToken": undefined,
  "results": [
    {
      "name": "Поставщики кофе",
      "value": "66d1d5e925e8200c9d4697b3",
    },
    {
      "name": "Список сотрудников",
      "value": "66d3296025e8200c9d46981d",
    },
    {
      "name": "Таблица данных 03",
      "value": "6729fe866fe3b0f3a95560e4",
    },
    {
      "name": "Таблица данных 04",
      "value": "6735d4b2098ea513c33d4870",
    },
    {
      "name": "Таблица данных 05",
      "value": "689ad5f6bdbac7c3ba509ef2",
    },
    {
      "name": "Таблица данных 06",
      "value": "689ad612bdbac7c3ba509ef5",
    },
    {
      "name": "Таблица данных 07",
      "value": "689ad631bdbac7c3ba509ef7",
    },
    {
      "name": "Таблица данных 08",
      "value": "689ad64bbdbac7c3ba509ef9",
    },
    {
      "name": "таблица ответственных",
      "value": "697a1a364a15b37112b6d997",
    },
  ],
}
`;

exports[`listTasks search by name 1`] = `
{
  "paginationToken": undefined,
  "results": [
    {
      "name": "Обход No. 1",
      "value": "63fdeb25d1a5010011753d11",
    },
    {
      "name": "Cargo transportation 50",
      "value": "64e62dea1c1ad8e7ffebb01d",
    },
    {
      "name": "eeee",
      "value": "65bfc0472aeba14588e5da5b",
    },
    {
      "name": "Cargo transportation 11",
      "value": "667a7d04427ff62204c11f22",
    },
    {
      "name": "Small repair 01",
      "value": "66acd3973d4cc9e17264483b",
    },
    {
      "name": "Small repair 03",
      "value": "66acfc2e3d4cc9e172644847",
    },
    {
      "name": "Small repair 04",
      "value": "66acfc753d4cc9e172644849",
    },
    {
      "name": "Test",
      "value": "66b0adb03d4cc9e1726448b8",
    },
    {
      "name": "2024-09-04",
      "value": "66d859e5e3eafc67b580a5d2",
    },
    {
      "name": "Лампочка ТЕСТ ТАНЯ",
      "value": "6712375914034d397ea8d5ff",
    },
    {
      "name": "AAA",
      "value": "671f4d47e0236b699a85dd6b",
    },
    {
      "name": "Заменить масло через 3 км",
      "value": "672bcc0acb60ba5bff78438e",
    },
    {
      "name": "Пришить оторванную пуговицу",
      "value": "672c5eebcb60ba5bff784394",
    },
    {
      "name": "TEST TYPE 26",
      "value": "672e03b6b6bb10805deead31",
    },
    {
      "name": "Small repair 21",
      "value": "68189f6a3a11b7d7108266c4",
    },
    {
      "name": "Small repair 22",
      "value": "68189fa53a11b7d7108266c5",
    },
    {
      "name": "Medium repair 23",
      "value": "68199abf3a11b7d7108266d3",
    },
    {
      "name": "Поменять батарею срочнооооооооооооооооооооооооооооооооооооооооооооооооооооооооооооооооооооооооооооооооооооооооооооооооооооооооооооооооооо",
      "value": "6819d3203a11b7d7108266d7",
    },
    {
      "name": "Cargo transportation 25",
      "value": "682233a75971a584395eeac8",
    },
    {
      "name": "Замена батареи 27",
      "value": "6822e6855971a584395eeacc",
    },
    {
      "name": "Cargo transportation 28",
      "value": "6844b008bef4c29bb6d3be9b",
    },
    {
      "name": "тест1111 26",
      "value": "688cc502dd28ee2c5c00f635",
    },
    {
      "name": "TEST111",
      "value": "69300c8744aa13703cde5a68",
    },
    {
      "name": "Закрыть ворота",
      "value": "69426308cfed184554ce21e2",
    },
  ],
}
`;

exports[`listUsers - by text 1`] = `
{
  "paginationToken": undefined,
  "results": [
    {
      "name": "test_rightech",
      "value": "646dc0f96ab54beb9586b592",
    },
    {
      "name": "2+accounttest@rightech.io",
      "value": "64edd4d8d2c2379b08cfab38",
    },
    {
      "name": "T",
      "value": "66d0144e6de82aaddc1079c0",
    },
    {
      "name": "l.e.tarasov",
      "value": "682dd754b0738b9392dffd7e",
    },
  ],
}
`;

exports[`listUsers - default state 1`] = `
{
  "paginationToken": undefined,
  "results": [
    {
      "name": "test_rightech",
      "value": "646dc0f96ab54beb9586b592",
    },
    {
      "name": "2+accounttest@rightech.io",
      "value": "64edd4d8d2c2379b08cfab38",
    },
    {
      "name": "T",
      "value": "66d0144e6de82aaddc1079c0",
    },
    {
      "name": "l.e.tarasov",
      "value": "682dd754b0738b9392dffd7e",
    },
  ],
}
`;
