// Vitest Snapshot v1, https://vitest.dev/guide/snapshot.html

exports[`mapTelemetryParams responds well if model not selected 1`] = `
{
  "emptyFieldsNotice": undefined,
  "fields": [
    {
      "defaultMatch": false,
      "display": true,
      "displayName": "Basic: online",
      "id": "online",
      "required": false,
      "type": "boolean",
    },
    {
      "defaultMatch": false,
      "display": true,
      "displayName": "Basic: time",
      "id": "time",
      "required": false,
      "type": "number",
    },
    {
      "defaultMatch": false,
      "display": true,
      "displayName": "Number",
      "id": "arg-number",
      "required": false,
      "type": "number",
    },
    {
      "defaultMatch": false,
      "display": true,
      "displayName": "Numeric - Gbit",
      "id": "arg-number-unit",
      "required": false,
      "type": "number",
    },
    {
      "defaultMatch": false,
      "display": true,
      "displayName": "Boolean",
      "id": "arg-boolean",
      "required": false,
      "type": "boolean",
    },
    {
      "defaultMatch": false,
      "display": true,
      "displayName": "Stringy",
      "id": "arg-string",
      "required": false,
      "type": "string",
    },
    {
      "defaultMatch": false,
      "display": true,
      "displayName": "Object",
      "id": "arg-object",
      "required": false,
      "type": "object",
    },
    {
      "defaultMatch": false,
      "display": true,
      "displayName": "Sub - A",
      "id": "sub-a",
      "required": false,
      "type": "number",
    },
    {
      "defaultMatch": false,
      "display": true,
      "displayName": "Sub - B",
      "id": "sub-b",
      "required": false,
      "type": "boolean",
    },
    {
      "defaultMatch": false,
      "display": true,
      "displayName": "Of numbers",
      "id": "arg-list-number",
      "required": false,
      "type": "array",
    },
    {
      "defaultMatch": false,
      "display": true,
      "displayName": "Of booleans",
      "id": "arg-list-bool",
      "required": false,
      "type": "array",
    },
    {
      "defaultMatch": false,
      "display": true,
      "displayName": "Of strings",
      "id": "arg-list-string",
      "required": false,
      "type": "array",
    },
  ],
}
`;
